// Jest Snapshot v1, https://goo.gl/fbAQLP

exports[`SearchResults component should match the snapshot 1`] = `"<div class=\\"data-container\\" style=\\"margin-top: 2.5rem;\\"><h3>Switzerland</h3><table class=\\"table\\"><thead><tr><th></th><th>Confirmed cases</th><th>Deaths</th><th>Recovered</th></tr></thead><tbody><tr><td>Total</td><td>20,505</td><td>666</td><td>6,415</td></tr></tbody></table><p class=\\"text-muted\\" style=\\"margin-top: 0.5rem;\\">Last updated: <time datetime=\\"1586044800000\\">a month</time> ago</p></div>"`;
