// Jest Snapshot v1, https://goo.gl/fbAQLP

exports[`App component should match the snapshot 1`] = `"<div class=\\"App\\"><nav style=\\"margin-bottom: 2.5rem;\\" class=\\"navbar navbar-expand-md navbar-light\\"><a href=\\"#/home\\" class=\\"active navbar-brand\\">COVID-19 Data</a><button aria-controls=\\"basic-navbar-nav\\" type=\\"button\\" aria-label=\\"Toggle navigation\\" class=\\"navbar-toggler collapsed\\"><span class=\\"navbar-toggler-icon\\"></span></button><div class=\\"navbar-collapse collapse\\" id=\\"basic-navbar-nav\\"><div class=\\"navbar-nav\\"><a href=\\"#/home\\" data-rb-event-key=\\"#/home\\" class=\\"active nav-link\\">Home</a><a href=\\"#/countries\\" data-rb-event-key=\\"#/countries\\" class=\\"nav-link\\">Country List</a><a href=\\"#/search\\" data-rb-event-key=\\"#/search\\" class=\\"nav-link\\">Country Search</a><a href=\\"#/global\\" data-rb-event-key=\\"#/global\\" class=\\"nav-link\\">Global Summary</a><a href=\\"#/about\\" data-rb-event-key=\\"#/about\\" class=\\"nav-link\\">About</a></div></div></nav><main><div class=\\"container\\"><div class=\\"jumbotron\\"><h1>COVID-19 Data</h1><p>A free, open-source tool to search for up-to-date COVID-19 case information by country. </p><p>Data courtesy of <a href=\\"https://covid19api.com/\\" target=\\"_blank\\" rel=\\"noopener noreferrer\\">covid19api.com</a>.</p><p><a href=\\"#/countries\\" class=\\"btn btn-primary\\">Start searching</a></p></div></div></main><footer class=\\"text-muted\\">Created by <a href=\\"https://esinsaribudak.com\\" target=\\"_blank\\" rel=\\"noopener noreferrer\\">Esin Saribudak</a>. See source code <a href=\\"https://github.com/esin87/covid19-data\\" target=\\"_blank\\" rel=\\"noopener noreferrer\\">here</a>.</footer></div>"`;
